[INFO] Scanning for projects...
[INFO] 
[INFO] -----------------------< iuh:hotel_mariadb_ptan >-----------------------
[INFO] Building hotel_mariadb_ptan 1.0-SNAPSHOT
[INFO]   from pom.xml
[INFO] --------------------------------[ jar ]---------------------------------
[INFO] 
[INFO] --- resources:3.3.1:resources (default-resources) @ hotel_mariadb_ptan ---
[WARNING] Using platform encoding (UTF-8 actually) to copy filtered resources, i.e. build is platform dependent!
[INFO] Copying 1 resource from src\main\resources to target\classes
[INFO] 
[INFO] --- compiler:3.13.0:compile (default-compile) @ hotel_mariadb_ptan ---
[INFO] Nothing to compile - all classes are up to date.
[INFO] ------------------------------------------------------------------------
[INFO] BUILD SUCCESS
[INFO] ------------------------------------------------------------------------
[INFO] Total time:  0.780 s
[INFO] Finished at: 2026-04-29T18:05:38+07:00
[INFO] ------------------------------------------------------------------------
